// Jest Snapshot v1, https://goo.gl/fbAQLP

exports[`[tabComponent] should render component without crashing 1`] = `
<Fragment>
  <div
    className="tab"
  >
    <ul
      className="uk-tab__list"
    >
      <li
        className="tab__selected"
        key="0"
        onClick={[Function]}
        role="button"
      >
        <Link
          to="#"
        >
          Winkels
        </Link>
      </li>
      <li
        className=""
        key="1"
        onClick={[Function]}
        role="button"
      >
        <Link
          to="#"
        >
          Productdeals
        </Link>
      </li>
    </ul>
  </div>
  <h1>
    Will be implemented
  </h1>
</Fragment>
`;
