// Jest Snapshot v1, https://goo.gl/fbAQLP

exports[`[Select] should render component without crashing 1`] = `
<div
  className="select"
>
  <select
    aria-label="Select"
    className="select-title"
    onChange={[Function]}
    onSelect={[Function]}
  >
    <option
      aria-selected={true}
      key="0"
      value="newest"
    >
      newest
    </option>
    <option
      aria-selected={true}
      key="1"
      value="price"
    >
      price
    </option>
    <option
      aria-selected={true}
      key="2"
      value="relevance"
    >
      relevance
    </option>
  </select>
  <span
    className="select-icon "
  >
    <IconComponent
      icon="arrow-long-down.svg"
      size="12px"
    />
  </span>
</div>
`;
