// Jest Snapshot v1, https://goo.gl/fbAQLP

exports[`[ShopCard] should render component without crashing 1`] = `
<ShadowCardComponent
  fullWidth={true}
  shadowSize="small"
>
  <div
    className="shop-card shop-card--default"
  >
    <div
      className="shop-card__body"
    >
      <div
        className="shop-card__image"
      >
        <ImageComponent
          alt="Shop logo"
          src="https://viper-development-images.s3-eu-west-1.amazonaws.com/blackFriday/StoreLogos/coolblue.png"
        />
      </div>
      <div
        className="shop-card__status-title green"
      >
        Nu geldig
      </div>
      <div
        className="shop-card__bar"
      >
        <TimeLeftBarComponent
          color="green"
          range={80}
          variant="responsive"
        />
      </div>
      <div
        className="shop-card__content"
      >
        <div
          className="shop-card__title"
        >
          Coolblue
        </div>
        Een selectie van bizar vele aanbieden
         
        <LinkComponent
          to="https://www.coolblue.nl/"
        >
          Meer info
        </LinkComponent>
      </div>
    </div>
    <div
      className="shop-card__action"
    >
      <ClickableComponent
        dynamicSize={true}
        href="/stores-single"
        icon="link.svg"
        iconPosition="right"
        iconStyle="filled"
        title="Naar deals"
      />
    </div>
  </div>
</ShadowCardComponent>
`;
