// Jest Snapshot v1, https://goo.gl/fbAQLP

exports[`[StoresOverview] should render component without crashing 1`] = `
<div
  className="stores-overview"
>
  <div
    style={
      Object {
        "backgroundColor": "red",
        "color": "white",
        "fontSize": 15,
        "position": "fixed",
        "right": 16,
        "top": 16,
        "zIndex": 100,
      }
    }
  />
  <div
    className="uk-container"
  >
    <div
      className="stores-overview__header"
    >
      <FilterBarComponent
        applyFilter={[Function]}
        filterBar={
          Object {
            "brandFilterTitle": "Brands",
            "brands": Array [
              Object {
                "isChecked": false,
                "label": 0,
                "text": "Appel ",
              },
              Object {
                "isChecked": false,
                "label": 255,
                "text": "Adidas",
              },
              Object {
                "isChecked": false,
                "label": 22,
                "text": "Converse",
              },
              Object {
                "isChecked": false,
                "label": 12,
                "text": "Guess",
              },
              Object {
                "isChecked": false,
                "label": 2,
                "text": "JBL",
              },
              Object {
                "isChecked": false,
                "label": 25,
                "text": "Only",
              },
              Object {
                "isChecked": false,
                "label": 0,
                "text": "Test1 ",
              },
              Object {
                "isChecked": false,
                "label": 255,
                "text": "Test2",
              },
              Object {
                "isChecked": false,
                "label": 22,
                "text": "Test3",
              },
              Object {
                "isChecked": false,
                "label": 12,
                "text": "Test4",
              },
              Object {
                "isChecked": false,
                "label": 2,
                "text": "Test5",
              },
              Object {
                "isChecked": false,
                "label": 25,
                "text": "Test6",
              },
              Object {
                "isChecked": false,
                "label": 12,
                "text": "Test7",
              },
              Object {
                "isChecked": false,
                "label": 2,
                "text": "Test8",
              },
              Object {
                "isChecked": false,
                "label": 25,
                "text": "Test9",
              },
            ],
            "categories": Array [
              Object {
                "isChecked": false,
                "label": 12,
                "text": "Audio",
              },
              Object {
                "isChecked": false,
                "label": 3,
                "text": "Electronic",
              },
              Object {
                "isChecked": false,
                "label": 20,
                "text": "Sport",
              },
              Object {
                "isChecked": false,
                "label": 2,
                "text": "Mode",
              },
              Object {
                "isChecked": false,
                "label": 9,
                "text": "Games",
              },
            ],
            "categoryFilterTitle": "Categories",
            "sortBy": Array [
              "Newest",
              "Relevant",
              "Price",
            ],
            "sortByFilterTitle": "Sorted by",
            "status": Array [
              Object {
                "isChecked": false,
                "label": 12,
                "text": "Actie nog onbekend",
              },
              Object {
                "isChecked": false,
                "label": 12,
                "text": "Actie start over 5 dagen!",
              },
              Object {
                "isChecked": false,
                "label": 3,
                "text": "Nu geldig",
              },
              Object {
                "isChecked": false,
                "label": 3,
                "text": "Bijna Verlopen!",
              },
              Object {
                "isChecked": false,
                "label": 3,
                "text": "Actie verlopen",
              },
            ],
            "statusFilterTitle": "Status",
          }
        }
        onBrandChanged={[Function]}
        onCategoryChanged={[Function]}
        onOrderByChanged={[Function]}
        onStatusChanged={[Function]}
      />
    </div>
    <div
      className="stores-overview__body"
    >
      <div
        className="stores-overview__body__list"
      >
        <div
          className="stores-overview__body__cards"
        >
          <ShopCardComponent
            buttonLink=""
            buttonText="Naar deals"
            content="content1"
            image="https://viper-development-images.s3-eu-west-1.amazonaws.com/blackFriday/shopCards/1.png"
            range={0.8666193629294792}
            seeMoreLink=""
            seeMoreText="Meer info"
            subtitle="Actie nog onbekend"
            title="Item n: 1"
          />
        </div>
        <div
          className="stores-overview__body__cards"
        >
          <ShopCardComponent
            buttonLink=""
            buttonText="Naar deals"
            content="content2"
            image="https://viper-development-images.s3-eu-west-1.amazonaws.com/blackFriday/shopCards/2.png"
            range={0.8656509563559192}
            seeMoreLink=""
            seeMoreText="Meer info"
            subtitle="Actie nog onbekend"
            title="Item n: 2"
          />
        </div>
        <div
          className="stores-overview__body__cards"
        >
          <ShopCardComponent
            buttonLink=""
            buttonText="Naar deals"
            content="content3"
            image="https://viper-development-images.s3-eu-west-1.amazonaws.com/blackFriday/shopCards/3.png"
            range={0.2889599294363878}
            seeMoreLink=""
            seeMoreText="Meer info"
            subtitle="Actie nog onbekend"
            title="Item n: 3"
          />
        </div>
        <div
          className="stores-overview__body__cards"
        >
          <ShopCardComponent
            buttonLink=""
            buttonText="Naar deals"
            content="content4"
            image="https://viper-development-images.s3-eu-west-1.amazonaws.com/blackFriday/shopCards/4.png"
            range={0.02451662277007549}
            seeMoreLink=""
            seeMoreText="Meer info"
            subtitle="Actie nog onbekend"
            title="Item n: 4"
          />
        </div>
        <div
          className="stores-overview__body__cards"
        >
          <ShopCardComponent
            buttonLink=""
            buttonText="Naar deals"
            content="content5"
            image="https://viper-development-images.s3-eu-west-1.amazonaws.com/blackFriday/shopCards/5.png"
            range={0.28620902377285673}
            seeMoreLink=""
            seeMoreText="Meer info"
            subtitle="Actie nog onbekend"
            title="Item n: 5"
          />
        </div>
        <div
          className="stores-overview__body__cards"
        >
          <ShopCardComponent
            buttonLink=""
            buttonText="Naar deals"
            content="content1"
            image="https://viper-development-images.s3-eu-west-1.amazonaws.com/blackFriday/shopCards/1.png"
            range={0.859997775444866}
            seeMoreLink=""
            seeMoreText="Meer info"
            subtitle="Actie start over 5 dagen!"
            title="Item n: 1"
          />
        </div>
        <div
          className="stores-overview__body__cards"
        >
          <ShopCardComponent
            buttonLink=""
            buttonText="Naar deals"
            content="content2"
            image="https://viper-development-images.s3-eu-west-1.amazonaws.com/blackFriday/shopCards/2.png"
            range={0.04909875783764761}
            seeMoreLink=""
            seeMoreText="Meer info"
            subtitle="Actie start over 5 dagen!"
            title="Item n: 2"
          />
        </div>
        <div
          className="stores-overview__body__cards"
        >
          <ShopCardComponent
            buttonLink=""
            buttonText="Naar deals"
            content="content3"
            image="https://viper-development-images.s3-eu-west-1.amazonaws.com/blackFriday/shopCards/3.png"
            range={0.36868934227560635}
            seeMoreLink=""
            seeMoreText="Meer info"
            subtitle="Actie start over 5 dagen!"
            title="Item n: 3"
          />
        </div>
        <div
          className="stores-overview__body__cards"
        >
          <ShopCardComponent
            buttonLink=""
            buttonText="Naar deals"
            content="content4"
            image="https://viper-development-images.s3-eu-west-1.amazonaws.com/blackFriday/shopCards/4.png"
            range={0.16381194188113946}
            seeMoreLink=""
            seeMoreText="Meer info"
            subtitle="Actie start over 5 dagen!"
            title="Item n: 4"
          />
        </div>
        <div
          className="stores-overview__body__cards"
        >
          <ShopCardComponent
            buttonLink=""
            buttonText="Naar deals"
            content="content5"
            image="https://viper-development-images.s3-eu-west-1.amazonaws.com/blackFriday/shopCards/5.png"
            range={0.32102861022622275}
            seeMoreLink=""
            seeMoreText="Meer info"
            subtitle="Actie start over 5 dagen!"
            title="Item n: 5"
          />
        </div>
        <div
          className="stores-overview__body__cards"
        >
          <ShopCardComponent
            buttonLink=""
            buttonText="Naar deals"
            content="content1"
            image="https://viper-development-images.s3-eu-west-1.amazonaws.com/blackFriday/shopCards/1.png"
            range={0.8489169923214028}
            seeMoreLink=""
            seeMoreText="Meer info"
            subtitle="Nu geldig"
            title="Item n: 1"
          />
        </div>
        <div
          className="stores-overview__body__cards"
        >
          <ShopCardComponent
            buttonLink=""
            buttonText="Naar deals"
            content="content2"
            image="https://viper-development-images.s3-eu-west-1.amazonaws.com/blackFriday/shopCards/2.png"
            range={0.6279378896278167}
            seeMoreLink=""
            seeMoreText="Meer info"
            subtitle="Nu geldig"
            title="Item n: 2"
          />
        </div>
        <div
          className="stores-overview__body__cards"
        >
          <ShopCardComponent
            buttonLink=""
            buttonText="Naar deals"
            content="content3"
            image="https://viper-development-images.s3-eu-west-1.amazonaws.com/blackFriday/shopCards/3.png"
            range={0.2536756648617824}
            seeMoreLink=""
            seeMoreText="Meer info"
            subtitle="Nu geldig"
            title="Item n: 3"
          />
        </div>
        <div
          className="stores-overview__body__cards"
        >
          <ShopCardComponent
            buttonLink=""
            buttonText="Naar deals"
            content="content4"
            image="https://viper-development-images.s3-eu-west-1.amazonaws.com/blackFriday/shopCards/4.png"
            range={0.8126324844088779}
            seeMoreLink=""
            seeMoreText="Meer info"
            subtitle="Nu geldig"
            title="Item n: 4"
          />
        </div>
        <div
          className="stores-overview__body__cards"
        >
          <ShopCardComponent
            buttonLink=""
            buttonText="Naar deals"
            content="content5"
            image="https://viper-development-images.s3-eu-west-1.amazonaws.com/blackFriday/shopCards/5.png"
            range={0.9899780894140373}
            seeMoreLink=""
            seeMoreText="Meer info"
            subtitle="Nu geldig"
            title="Item n: 5"
          />
        </div>
        <div
          style={
            Object {
              "width": "100%",
            }
          }
        >
          <BannerComponent
            buttonLink="#"
            buttonTitle="Meer deals"
            image={
              Object {
                "alt": "alt text oasis",
                "src": "oasis.jpg",
              }
            }
            label="22 t/m 26 nov."
            logo={
              Object {
                "alt": "alt text CoolBlue",
                "src": "cool-blue.svg",
              }
            }
            text="Een selectie van bizarre aanbiedingen. Meer info"
            title="Black Friday bij Coolblue"
          />
          <br />
        </div>
        <div
          className="stores-overview__body__cards"
        >
          <ShopCardComponent
            buttonLink=""
            buttonText="Naar deals"
            content="content1"
            image="https://viper-development-images.s3-eu-west-1.amazonaws.com/blackFriday/shopCards/1.png"
            range={0.43293947171049973}
            seeMoreLink=""
            seeMoreText="Meer info"
            subtitle="Bijna Verlopen!"
            title="Item n: 1"
          />
        </div>
        <div
          className="stores-overview__body__cards"
        >
          <ShopCardComponent
            buttonLink=""
            buttonText="Naar deals"
            content="content2"
            image="https://viper-development-images.s3-eu-west-1.amazonaws.com/blackFriday/shopCards/2.png"
            range={0.9401576258816624}
            seeMoreLink=""
            seeMoreText="Meer info"
            subtitle="Bijna Verlopen!"
            title="Item n: 2"
          />
        </div>
        <div
          className="stores-overview__body__cards"
        >
          <ShopCardComponent
            buttonLink=""
            buttonText="Naar deals"
            content="content3"
            image="https://viper-development-images.s3-eu-west-1.amazonaws.com/blackFriday/shopCards/3.png"
            range={0.7674763118088384}
            seeMoreLink=""
            seeMoreText="Meer info"
            subtitle="Bijna Verlopen!"
            title="Item n: 3"
          />
        </div>
        <div
          className="stores-overview__body__cards"
        >
          <ShopCardComponent
            buttonLink=""
            buttonText="Naar deals"
            content="content4"
            image="https://viper-development-images.s3-eu-west-1.amazonaws.com/blackFriday/shopCards/4.png"
            range={0.0824971515701669}
            seeMoreLink=""
            seeMoreText="Meer info"
            subtitle="Bijna Verlopen!"
            title="Item n: 4"
          />
        </div>
        <div
          className="stores-overview__body__cards"
        >
          <ShopCardComponent
            buttonLink=""
            buttonText="Naar deals"
            content="content5"
            image="https://viper-development-images.s3-eu-west-1.amazonaws.com/blackFriday/shopCards/5.png"
            range={0.34094817054965976}
            seeMoreLink=""
            seeMoreText="Meer info"
            subtitle="Bijna Verlopen!"
            title="Item n: 5"
          />
        </div>
        <div
          className="stores-overview__body__cards"
        >
          <ShopCardComponent
            buttonLink=""
            buttonText="Naar deals"
            content="content1"
            image="https://viper-development-images.s3-eu-west-1.amazonaws.com/blackFriday/shopCards/1.png"
            range={0.8003016343383624}
            seeMoreLink=""
            seeMoreText="Meer info"
            subtitle="Actie verlopen"
            title="Item n: 1"
          />
        </div>
        <div
          className="stores-overview__body__cards"
        >
          <ShopCardComponent
            buttonLink=""
            buttonText="Naar deals"
            content="content2"
            image="https://viper-development-images.s3-eu-west-1.amazonaws.com/blackFriday/shopCards/2.png"
            range={0.28210413829510395}
            seeMoreLink=""
            seeMoreText="Meer info"
            subtitle="Actie verlopen"
            title="Item n: 2"
          />
        </div>
        <div
          className="stores-overview__body__cards"
        >
          <ShopCardComponent
            buttonLink=""
            buttonText="Naar deals"
            content="content3"
            image="https://viper-development-images.s3-eu-west-1.amazonaws.com/blackFriday/shopCards/3.png"
            range={0.09670489789464254}
            seeMoreLink=""
            seeMoreText="Meer info"
            subtitle="Actie verlopen"
            title="Item n: 3"
          />
        </div>
        <div
          className="stores-overview__body__cards"
        >
          <ShopCardComponent
            buttonLink=""
            buttonText="Naar deals"
            content="content4"
            image="https://viper-development-images.s3-eu-west-1.amazonaws.com/blackFriday/shopCards/4.png"
            range={0.9443337155346603}
            seeMoreLink=""
            seeMoreText="Meer info"
            subtitle="Actie verlopen"
            title="Item n: 4"
          />
        </div>
        <div
          className="stores-overview__body__cards"
        >
          <ShopCardComponent
            buttonLink=""
            buttonText="Naar deals"
            content="content5"
            image="https://viper-development-images.s3-eu-west-1.amazonaws.com/blackFriday/shopCards/5.png"
            range={0.7495598550332692}
            seeMoreLink=""
            seeMoreText="Meer info"
            subtitle="Actie verlopen"
            title="Item n: 5"
          />
        </div>
        <BottomScrollListener
          debounce={200}
          offset={0}
          onBottom={[Function]}
        />
      </div>
      <div />
      <div
        style={
          Object {
            "margin": "auto",
            "paddingTop": "30px",
            "width": "50px",
          }
        }
      />
    </div>
  </div>
</div>
`;
