// Jest Snapshot v1, https://goo.gl/fbAQLP

exports[`[SearchInputField] should render component without crashing 1`] = `
<div
  className="search-input-field"
>
  <div
    className="search-input-field__icon"
  >
    <IconComponent
      fillColor="#777"
      icon="search.svg"
      size="14px"
    />
  </div>
  <input
    aria-label="Search input"
    onChange={[Function]}
  />
  <div
    className="search-input-field__clear-icon"
    onClick={[Function]}
    role="button"
    style={
      Object {
        "opacity": 0,
      }
    }
  >
    <IconComponent
      fillColor="#777"
      icon="cross.svg"
      size="14px"
    />
  </div>
</div>
`;
