// Jest Snapshot v1, https://goo.gl/fbAQLP

exports[`[FilterBarDeals] should render without crashing 1`] = `
<component
  brandFilterItems={Array []}
  categoryFilterItems={Array []}
  clearFilters={[MockFunction]}
  filtersChanged={[MockFunction]}
  intl={
    Object {
      "defaultFormats": Object {},
      "defaultLocale": "en",
      "formatDate": [Function],
      "formatHTMLMessage": [Function],
      "formatMessage": [Function],
      "formatNumber": [Function],
      "formatPlural": [Function],
      "formatRelative": [Function],
      "formatTime": [Function],
      "formats": Object {},
      "formatters": Object {
        "getDateTimeFormat": [Function],
        "getMessageFormat": [Function],
        "getNumberFormat": [Function],
        "getPluralFormat": [Function],
        "getRelativeFormat": [Function],
      },
      "locale": "en",
      "messages": Object {},
      "now": [Function],
      "onError": [Function],
      "textComponent": "span",
      "timeZone": null,
    }
  }
  screenSize={
    Object {
      "breakpointPixels": 0,
      "viewType": 3,
    }
  }
  setBrandFilters={[MockFunction]}
  setCategoryFilters={[MockFunction]}
  setSortBy={[MockFunction]}
  setStoreFilters={[MockFunction]}
  sortBy=""
  storeFilterItems={Array []}
  totalResults={100}
/>
`;
