// Jest Snapshot v1, https://goo.gl/fbAQLP

exports[`[CtaSmallModuleComponent] should render component without crashing 1`] = `
<div
  className="cta-small-newsletter"
>
  <div
    className="uk-container"
  >
    <ShadowCardComponent
      borderRadius={
        Array [
          "2px",
        ]
      }
      shadowSize="small"
    >
      <div
        className="cta-small-newsletter__center"
      >
        <div
          className="cta-small-newsletter__wrapper"
        >
          <div
            className="icon"
          >
            <IconComponent
              icon="send.svg"
              size="32px"
            />
          </div>
          <div
            className="cta-small-newsletter__title"
          >
            Op de hoogte blijven? Meld je dan aan voor onze nieuwsbrief!
          </div>
          <ModalComponent
            title="Inschrijven nieuwsbrief"
            trigger={
              <ClickableComponent
                title="Meld je aan"
                variant="primary-brand"
              />
            }
            variant="small"
          >
            <WithFormik(InnerForm)
              checkBoxItems={
                Array [
                  Object {
                    "id": 0,
                    "text": "Apple",
                  },
                  Object {
                    "id": 1,
                    "text": "Cosmetica & Parfum",
                  },
                  Object {
                    "id": 2,
                    "text": "Gaming",
                  },
                  Object {
                    "id": 3,
                    "text": "Sport & Vrije tijd",
                  },
                  Object {
                    "id": 4,
                    "text": "Computer & Elektronica",
                  },
                  Object {
                    "id": 5,
                    "text": "Fashion",
                  },
                  Object {
                    "id": 6,
                    "text": "Speelgoed",
                  },
                  Object {
                    "id": 7,
                    "text": "Wonen & koken",
                  },
                ]
              }
              onSubmit={[Function]}
            />
          </ModalComponent>
        </div>
      </div>
    </ShadowCardComponent>
  </div>
</div>
`;
