// Jest Snapshot v1, https://goo.gl/fbAQLP

exports[`[CtaSmallModuleComponent] should render component without crashing 1`] = `
<CtaSmallComponent
  background={
    Object {
      "backgroundColour": "#f7f7f7",
    }
  }
  bottomMargin="0"
  bottomPadding={
    Object {
      "desktopPadding": 72,
      "mobilePadding": 48,
    }
  }
  buttonTitle="Meld je aan"
  icon="send.svg"
  id="1"
  name="CtaNewsletterModule"
  onClick={[Function]}
  text="Op de hoogte blijven? Meld je dan aan voor onze nieuwsbrief!"
  topMargin="0"
/>
`;
