// Jest Snapshot v1, https://goo.gl/fbAQLP

exports[`[Footer] should render component without crashing 1`] = `
<div
  className="header-info"
  style={
    Object {
      "backgroundColor": "#f7f7f7",
      "paddingBottom": "200px",
    }
  }
>
  <div
    className="header-info__image"
  >
    <ImageComponent
      src="oasis.jpg"
    />
  </div>
  <div
    className="uk-container"
  >
    <div
      className="header-info__body"
    >
      <div
        className="header-info__body__content"
      >
        <div
          className="header-info__icon"
        >
          <ImageComponent
            src="store.svg"
          />
        </div>
        <div
          className="header-info__content"
        >
          <h1
            className="header-info__title"
          >
            <strong>
              Black Friday 2019 bij Apple
            </strong>
          </h1>
          Vier Black Friday bij Apple en ontvang 15% korting op alles! Meer info
        </div>
        <div
          className="header-info__share-dropdown"
        >
          <DropdownComponent
            icon="share.svg"
            title="Status"
          >
            <ShareSocialComponent
              email={
                Object {
                  "nameSocialShare": "Email",
                  "subject": "BlackFriday",
                  "url": "https://www.webbio.nl",
                }
              }
              facebook={
                Object {
                  "hashtag": "BlackFriday",
                  "nameSocialShare": "Facebook",
                  "title": "BlackFriday",
                  "url": "https://www.webbio.nl",
                }
              }
              twitter={
                Object {
                  "hashtags": Array [
                    "BlackFriday",
                    "Netherlands",
                    "Sale",
                    "Shops",
                  ],
                  "nameSocialShare": "Twitter",
                  "title": "BlackFriday",
                  "url": "https://www.webbio.nl",
                  "via": "BlackFriday",
                }
              }
              whatsapp={
                Object {
                  "nameSocialShare": "WhatsApp",
                  "separator": " - ",
                  "title": "BlackFriday",
                  "url": "https://www.webbio.nl",
                }
              }
            />
          </DropdownComponent>
        </div>
      </div>
      <div
        className="header-info__share-badge"
      >
        <Badge
          icon="share.svg"
          position="right"
        >
          <ShareSocialComponent
            email={
              Object {
                "nameSocialShare": "Email",
                "subject": "BlackFriday",
                "url": "https://www.webbio.nl",
              }
            }
            facebook={
              Object {
                "hashtag": "BlackFriday",
                "nameSocialShare": "Facebook",
                "title": "BlackFriday",
                "url": "https://www.webbio.nl",
              }
            }
            twitter={
              Object {
                "hashtags": Array [
                  "BlackFriday",
                  "Netherlands",
                  "Sale",
                  "Shops",
                ],
                "nameSocialShare": "Twitter",
                "title": "BlackFriday",
                "url": "https://www.webbio.nl",
                "via": "BlackFriday",
              }
            }
            whatsapp={
              Object {
                "nameSocialShare": "WhatsApp",
                "separator": " - ",
                "title": "BlackFriday",
                "url": "https://www.webbio.nl",
              }
            }
          />
        </Badge>
      </div>
    </div>
  </div>
</div>
`;
