// Jest Snapshot v1, https://goo.gl/fbAQLP

exports[`[arrow-panel] should render component without crashing 1`] = `
<Link
  className="card-simple   "
  to="/"
>
  <div
    className="card-simple__image"
  >
    <ImageComponent
      src="store.svg"
    />
  </div>
  <div
    className="card-simple__title"
  >
    Productdeals
  </div>
  <div
    className="card-simple__body"
  >
    <IconComponent
      icon={
        Object {
          "ReactComponent": [Function],
          "__esModule": true,
          "default": "chevron-right.svg",
        }
      }
      size="5px"
    />
  </div>
</Link>
`;
