// Jest Snapshot v1, https://goo.gl/fbAQLP

exports[`[TimeLeftBar] should render component without crashing 1`] = `
<div
  className="time-left-bar"
>
  <div
    className="time-left-bar-control"
  >
    <div
      className="time-left-bar-control-filled"
      style={
        Object {
          "backgroundColor": "none",
          "width": "calc( 0.5 * 100%)",
        }
      }
    />
  </div>
</div>
`;
