// Jest Snapshot v1, https://goo.gl/fbAQLP

exports[`[StarsRating] should render component without crashing 1`] = `
<div
  className="usp"
  id="uspHolder"
>
  <div
    className="usp__item"
    data-key={0}
    key="0"
  >
    <Link
      className="usp__link"
      to="./"
    >
      <IconComponent
        fillColor="#777777"
        icon="https://viper-development-images.s3-eu-west-1.amazonaws.com/blackFriday/footerIcons/shop.svg"
        size="14px"
      />
      <span
        style={
          Object {
            "marginLeft": "10px",
          }
        }
      >
        Overzicht van álle black friday winkels
      </span>
    </Link>
  </div>
  <div
    className="usp__item"
    data-key={1}
    key="1"
  >
    <Link
      className="usp__link"
      to="./"
    >
      <IconComponent
        fillColor="#777777"
        icon="https://viper-development-images.s3-eu-west-1.amazonaws.com/blackFriday/footerIcons/clock.svg"
        size="14px"
      />
      <span
        style={
          Object {
            "marginLeft": "10px",
          }
        }
      >
        Altijd up-to-date van de laatste deals
      </span>
    </Link>
  </div>
  <div
    className="usp__item"
    data-key={2}
    key="2"
  >
    <Link
      className="usp__link"
      to="./"
    >
      <IconComponent
        fillColor="#777777"
        icon="https://viper-development-images.s3-eu-west-1.amazonaws.com/blackFriday/footerIcons/megaphone.svg"
        size="14px"
      />
      <span
        style={
          Object {
            "marginLeft": "10px",
          }
        }
      >
        Mis niets van Black Friday 2019
      </span>
    </Link>
  </div>
</div>
`;
