// Jest Snapshot v1, https://goo.gl/fbAQLP

exports[`[MediumHero] should render component without crashing 1`] = `
<div
  className="medium-hero"
>
  <div
    className="uk-container"
  >
    <div
      className="top"
    >
      USPS
    </div>
    <div
      className="holder"
    >
      <div
        className="image"
      >
        <img
          alt="temp alt"
        />
      </div>
    </div>
  </div>
</div>
`;
