// Jest Snapshot v1, https://goo.gl/fbAQLP

exports[`[MediumHero] should render component without crashing 1`] = `
<div
  className="medium-hero"
>
  <div
    className="uk-container"
  >
    <div
      className="top"
    >
      <Connect(USP)
        uspModule={
          Object {
            "uniqueSellingPoints": Array [
              Object {
                "icon": "https://viper-development-images.s3-eu-west-1.amazonaws.com/blackFriday/footerIcons/shop.svg",
                "link": Object {
                  "title": "Overzicht van álle black friday winkels",
                  "url": "./stores-overview",
                },
              },
              Object {
                "icon": "https://viper-development-images.s3-eu-west-1.amazonaws.com/blackFriday/footerIcons/clock.svg",
                "link": Object {
                  "title": "Altijd up-to-date van de laatste deals",
                  "url": "./deals-overview",
                },
              },
              Object {
                "icon": "https://viper-development-images.s3-eu-west-1.amazonaws.com/blackFriday/footerIcons/megaphone.svg",
                "link": Object {
                  "title": "Mis niets van Black Friday 2019",
                  "url": "./",
                },
              },
            ],
          }
        }
      />
    </div>
    <div
      className="holder"
    >
      <div
        className="image"
      >
        <img
          alt="temp alt"
          src="https://viper-development-images.s3-eu-west-1.amazonaws.com/blackFriday/store-banner.jpg"
        />
      </div>
      <div
        className="content"
      >
        <HeaderContentComponent
          subtitle="Deelnemende winkels van 2019"
          title="Black Friday Winkels"
        />
      </div>
    </div>
  </div>
</div>
`;
