// Jest Snapshot v1, https://goo.gl/fbAQLP

exports[`[BlogSingleHeader] should render component without crashing 1`] = `
<div
  className="blog-single-header"
>
  <div
    className="blog-single-header-basic"
  >
    <div
      className="uk-container"
    >
      <ul
        className=" uk-visible@s blog-single-header-basic__breadcrumbs"
      >
        <li
          key="0"
        >
          <Link
            to=""
          >
            Home
          </Link>
        </li>
        <li
          key="1"
        >
          <Link
            to=""
          >
            Alle blogs
          </Link>
        </li>
      </ul>
      <Link
        className="uk-hidden@s blog-single-header-basic__back"
        to=""
      >
        <IconComponent
          icon="chevron-left.svg"
          size="15px"
          strokeColor="#999"
        />
        Alle blogs
      </Link>
      <h1>
        Vijf voorspellingen van Black Friday Nederland
      </h1>
    </div>
  </div>
  <div
    className="uk-container"
  >
    <div
      className="blog-single-header__image"
    >
      <ImageComponent
        src="https://viper-development-images.s3-eu-west-1.amazonaws.com/blackFriday/blog/2.png"
      />
    </div>
  </div>
</div>
`;
