// Jest Snapshot v1, https://goo.gl/fbAQLP

exports[`[Banner] should render component without crashing 1`] = `
<div
  className="uk-container"
>
  <div
    className="banner--default"
  >
    <div
      className="holder false"
    >
      <div
        className="image"
      >
        <a
          aria-label="Open link"
          href="https://coolblue.nl"
          rel="noopener"
          role="button"
          target="_blank"
        >
          <ImageComponent
            alt="alt text oasis"
            errorImage="link.svg"
            errorMessage="Custom error message"
            src="https://viper-development-images.s3-eu-west-1.amazonaws.com/blackFriday/ad.png"
          />
        </a>
      </div>
      <div
        className="body"
      >
        <div
          className="content"
        >
          <div
            className="label"
          >
            22 t/m 26 nov.
          </div>
          <h2
            className="title"
          >
            Black Friday bij Coolblue
          </h2>
          <span>
            Een selectie van bizarre aanbiedingen.
          </span>
          <span
            className="more-info"
          >
            <a
              href="https://coolblue.nl"
              rel="noopener"
              target="_blank"
            >
              Meer info
            </a>
          </span>
        </div>
        <div
          className="footer"
        >
          <ClickableComponent
            href="/deals-overview"
            icon="link.svg"
            iconStyle="filled"
            title="Meer deals"
            variant="primary-default"
          />
          <div
            className="logo"
          >
            <ImageComponent
              alt="alt text CoolBlue"
              src="cool-blue.svg"
            />
          </div>
        </div>
      </div>
    </div>
  </div>
</div>
`;
