// Jest Snapshot v1, https://goo.gl/fbAQLP

exports[`[Newsletter] should render component without crashing 1`] = `
<div>
  <div
    className="newsletter"
  >
    <div
      className="newsletter__head"
    >
      <IconComponent
        icon="send.svg"
        size="30px"
      />
    </div>
    <div
      className="newsletter__body"
    >
      <div
        className="newsletter__content"
      >
        Op de hoogte blijven? Meld je dan aan!
      </div>
      <div
        className="newsletter__action"
      >
        <ModalComponent
          title="Inschrijven nieuwsbrief"
          trigger={
            <Button
              fullWidth={true}
              icon="paper.svg"
              iconStyle="filled"
              title="Nieuwsbrief"
              variant="secondary-inverted"
            />
          }
          variant="big"
        >
          <WithFormik(InnerForm)
            checkBoxItems={
              Array [
                Object {
                  "id": 0,
                  "text": "Apple",
                },
                Object {
                  "id": 1,
                  "text": "Cosmetica & Parfum",
                },
                Object {
                  "id": 2,
                  "text": "Gaming",
                },
                Object {
                  "id": 3,
                  "text": "Sport & Vrije tijd",
                },
                Object {
                  "id": 4,
                  "text": "Computer & Elektronica",
                },
                Object {
                  "id": 5,
                  "text": "Fashion",
                },
                Object {
                  "id": 6,
                  "text": "Speelgoed",
                },
                Object {
                  "id": 7,
                  "text": "Wonen & koken",
                },
              ]
            }
            onSubmit={[Function]}
          />
        </ModalComponent>
      </div>
    </div>
  </div>
</div>
`;
