// Jest Snapshot v1, https://goo.gl/fbAQLP

exports[`[Newsletter] should render component without crashing 1`] = `
<div>
  <div
    className="newsletter"
  >
    <div
      className="newsletter__head"
    >
      <IconComponent
        icon="send.svg"
        size="30px"
      />
    </div>
    <div
      className="newsletter__body"
    >
      <div
        className="newsletter__content"
      >
        Op de hoogte blijven? Meld je dan aan!
      </div>
      <div
        className="newsletter__action"
        data-uk-toggle="target: #modal-product-detail"
      >
        <Button
          fullWidth={true}
          icon="paper.svg"
          iconStyle="filled"
          title="Niewusbrief"
          variant="secondary-inverted"
        />
      </div>
    </div>
  </div>
  <ModalComponent
    modalTarget="modal-product-detail"
    modalTitle="Inschrijven nieuwsbrief"
  >
    <form
      action="/"
      className="form"
    >
      <div
        className="uk-grid"
        data-uk-margin={true}
      >
        <div
          className="uk-width-1-2@s"
        >
          <Input
            label="Naam"
            name="text"
          />
        </div>
        <div
          className="uk-width-1-2@s"
        >
          <Input
            label="E-mailadres"
            name="text"
          />
        </div>
      </div>
      <div
        className="uk-margin-small-top"
      >
        <TextArea
          label="Bericht"
          name="text"
        />
      </div>
      <div
        className="form-bottom uk-margin-small-top"
      >
        <Button
          icon="paper.svg"
          title="Verzenden"
        />
      </div>
    </form>
  </ModalComponent>
</div>
`;
